../USB_DEVICE/App/usbd_desc.c:274:11:USBD_FS_DeviceDescriptor	0	static
../USB_DEVICE/App/usbd_desc.c:287:11:USBD_FS_LangIDStrDescriptor	0	static
../USB_DEVICE/App/usbd_desc.c:430:13:IntToUnicode	16	static
../USB_DEVICE/App/usbd_desc.c:332:11:USBD_FS_SerialStrDescriptor	8	static
../USB_DEVICE/App/usbd_desc.c:319:11:USBD_FS_ManufacturerStrDescriptor	8	static
../USB_DEVICE/App/usbd_desc.c:300:11:USBD_FS_ProductStrDescriptor	8	static
../USB_DEVICE/App/usbd_desc.c:352:11:USBD_FS_ConfigStrDescriptor	8	static
../USB_DEVICE/App/usbd_desc.c:371:11:USBD_FS_InterfaceStrDescriptor	8	static
