../application/source/functions/aprs.c:1022:15:DistanceBetweenTwoCoords	72	static
../application/source/functions/aprs.c:1176:13:aprsBeaconingTxStateTick	16	static
../application/source/functions/aprs.c:940:15:aprsGetFixedPositionLatitude	16	static
../application/source/functions/aprs.c:978:15:aprsGetFixedPositionLongitude	16	static
../application/source/functions/aprs.c:279:13:enqueueBit.constprop	8	static
../application/source/functions/aprs.c:317:13:enqueueCharNrzi.constprop	32	static
../application/source/functions/aprs.c:352:13:enqueueString.constprop	16	static
../application/source/functions/aprs.c:876:13:aprsBeaconingStateSetEnable.isra	0	static
../application/source/functions/aprs.c:781:6:aprsBitStreamSender	24	static
../application/source/functions/aprs.c:1072:10:aprsBeaconingGetBearing	80	static
../application/source/functions/aprs.c:1220:6:aprsBeaconingInit	8	static
../application/source/functions/aprs.c:1238:6:aprsBeaconingStop	32	static
../application/source/functions/aprs.c:1295:6:aprsBeaconingPrepareSatelliteConfig	16	static
../application/source/functions/aprs.c:1337:6:aprsBeaconingInvalidateFixedPosition	0	static
../application/source/functions/aprs.c:1260:6:aprsBeaconingResetTimers	16	static
../application/source/functions/aprs.c:1227:6:aprsBeaconingStart	16	static
../application/source/functions/aprs.c:1342:6:aprsBeaconingIsSuspended	0	static
../application/source/functions/aprs.c:1347:6:aprsBeaconingSetSuspend	8	static
../application/source/functions/aprs.c:1367:6:aprsBeaconingToggles	40	static
../application/source/functions/aprs.c:1381:21:aprsBeaconingGetMode	0	static
../application/source/functions/aprs.c:1387:6:aprsBeaconingSendBeacon	152	static
../application/source/functions/aprs.c:1551:6:aprsBeaconingUpdateConfigurationFromSystemSettings	8	static
../application/source/functions/aprs.c:1577:6:aprsBeaconingUpdateSystemSettingsFromConfiguration	16	static
../application/source/functions/aprs.c:1604:6:aprsBeaconingGetSettings	0	static
../application/source/functions/aprs.c:1609:6:aprsBeaconingSetSettings	16	static
../application/source/functions/aprs.c:1620:6:aprsBeaconingTick	72	static
