../application/source/functions/calibration.c:183:6:calibrationReadLocal	0	static
../application/source/functions/calibration.c:188:6:calibrationSaveLocal	0	static
../application/source/functions/calibration.c:193:6:calibrationReadFactory	16	static
../application/source/functions/calibration.c:172:6:calibrationInit	8	static
../application/source/functions/calibration.c:243:10:calibrationGetRxTuneForFrequency	12	static
../application/source/functions/calibration.c:289:9:calibrationGetAnalogIGainForFrequency	16	static
../application/source/functions/calibration.c:335:9:calibrationGetAnalogQGainForFrequency	16	static
../application/source/functions/calibration.c:381:9:calibrationGetDigitalIGainForFrequency	16	static
../application/source/functions/calibration.c:427:9:calibrationGetDigitalQGainForFrequency	16	static
../application/source/functions/calibration.c:473:5:interpolate	0	static
../application/source/functions/calibration.c:478:6:calibrationGetPowerForFrequency	16	static
../application/source/functions/calibration.c:598:8:calibrationGetMod2Offset	0	static
../application/source/functions/calibration.c:603:6:calibrationSetMod2Offset	0	static
../application/source/functions/calibration.c:616:6:calibrationGetRSSIMeterParams	0	static
../application/source/functions/calibration.c:624:9:calibrationGetVHFOscTune	0	static
../application/source/functions/calibration.c:629:6:calibrationPutVHFOscTune	0	static
../application/source/functions/calibration.c:634:9:calibrationGetPower	0	static
../application/source/functions/calibration.c:677:6:calibrationPutPower	0	static
../application/source/functions/calibration.c:717:10:calibrationGetLocalDataPointer	0	static
