../application/source/functions/codeplug.c:511:17:_getLDMRFlag1	0	static
../application/source/functions/codeplug.c:515:17:_getFlag2	0	static
../application/source/functions/codeplug.c:519:17:_getFlag3	0	static
../application/source/functions/codeplug.c:523:17:_getFlag4	0	static
../application/source/functions/codeplug.c:1370:17:codeplugGetOpenGD77CustomDataStartAddressForType	32	static
../application/source/functions/codeplug.c:149:10:byteSwap32	0	static
../application/source/functions/codeplug.c:154:10:byteSwap16	0	static
../application/source/functions/codeplug.c:160:10:bcd2int	8	static
../application/source/functions/codeplug.c:174:10:int2bcd	12	static
../application/source/functions/codeplug.c:188:10:bcd2uint16	8	static
../application/source/functions/codeplug.c:201:20:codeplugGetCSSType	0	static
../application/source/functions/codeplug.c:225:10:codeplugCSSToInt	8	static
../application/source/functions/codeplug.c:239:10:codeplugIntToCSS	8	static
../application/source/functions/codeplug.c:252:6:codeplugUtilConvertBufToString	12	static
../application/source/functions/codeplug.c:265:6:codeplugUtilConvertStringToBuf	16	static
../application/source/functions/codeplug.c:278:6:codeplugZonesInitCache	0	static
../application/source/functions/codeplug.c:283:5:codeplugZonesGetCount	16	static
../application/source/functions/codeplug.c:295:6:codeplugZoneGetDataForNumber	24	static
../application/source/functions/codeplug.c:369:6:codeplugZoneAddChannelToZoneAndSave	12	static
../application/source/functions/codeplug.c:408:6:codeplugAllChannelsIndexIsInUse	0	static
../application/source/functions/codeplug.c:419:6:codeplugAllChannelsIndexSetUsed	16	static
../application/source/functions/codeplug.c:448:6:codeplugAllChannelsInitCache	24	static
../application/source/functions/codeplug.c:561:9:codeplugChannelGetFlag	16	static
../application/source/functions/codeplug.c:470:10:codeplugChannelGetOptionalDMRID	8	static
../application/source/functions/codeplug.c:569:9:codeplugChannelSetFlag	16	static
../application/source/functions/codeplug.c:482:6:codeplugChannelSetOptionalDMRID	16	static
../application/source/functions/codeplug.c:586:6:codeplugChannelGetDataWithOffsetAndLengthForIndex	12	static
../application/source/functions/codeplug.c:607:6:codeplugChannelGetDataForIndex	8	static
../application/source/functions/codeplug.c:636:6:codeplugChannelSaveDataForIndex	48	static
../application/source/functions/codeplug.c:785:5:codeplugDTMFContactsGetCount	0	static
../application/source/functions/codeplug.c:790:5:codeplugContactsGetCount	0	static
../application/source/functions/codeplug.c:900:6:codeplugContactsContainsPC	8	static
../application/source/functions/codeplug.c:968:6:codeplugContactsCacheUpdateOrInsertContactAt	32	static
../application/source/functions/codeplug.c:1066:6:codeplugContactsCacheRemoveContactAt	20	static
../application/source/functions/codeplug.c:1094:10:codeplugContactGetPackedId	0	static
../application/source/functions/codeplug.c:1099:5:codeplugContactGetFreeIndex	8	static
../application/source/functions/codeplug.c:1122:6:codeplugDTMFContactGetDataForIndex	8	static
../application/source/functions/codeplug.c:809:5:codeplugDTMFContactGetDataForNumber	16	static
../application/source/functions/codeplug.c:1149:6:codeplugContactGetDataForIndex	40	static
../application/source/functions/codeplug.c:750:6:codeplugRxGroupGetDataForIndex	56	static
../application/source/functions/codeplug.c:823:5:codeplugContactGetDataForNumberInType	32	static
../application/source/functions/codeplug.c:847:5:codeplugContactIndexByTGorPCFromNumber	56	static
../application/source/functions/codeplug.c:895:5:codeplugContactIndexByTGorPC	16	static
../application/source/functions/codeplug.c:1173:5:codeplugContactSaveDataForIndex	48	static
../application/source/functions/codeplug.c:1259:6:codeplugContactGetRXGroup	232	static
../application/source/functions/codeplug.c:1280:10:codeplugGetUserDMRID	16	static
../application/source/functions/codeplug.c:1287:6:codeplugSetUserDMRID	16	static
../application/source/functions/codeplug.c:1294:6:codeplugGetRadioName	8	static
../application/source/functions/codeplug.c:1302:6:codeplugGetBootScreenData	16	static
../application/source/functions/codeplug.c:1315:6:codeplugGetVFO_ChannelData	16	static
../application/source/functions/codeplug.c:1345:6:codeplugConvertChannelInternalToCodeplug	16	static
../application/source/functions/codeplug.c:1334:6:codeplugSetVFO_ChannelData	88	static
../application/source/functions/codeplug.c:1354:6:codeplugInitChannelsPerZone	24	static
../application/source/functions/codeplug.c:1420:6:codeplugGetOpenGD77CustomData	16	static
../application/source/functions/codeplug.c:1434:6:codeplugSetOpenGD77CustomData	32	static
../application/source/functions/codeplug.c:1461:6:codeplugGetGeneralSettings	0	static
../application/source/functions/codeplug.c:1466:6:codeplugGetSignallingDTMF	0	static
../application/source/functions/codeplug.c:1471:6:codeplugGetSignallingDTMFDurations	8	static
../application/source/functions/codeplug.c:1493:6:codeplugGetDeviceInfo	16	static
../application/source/functions/codeplug.c:1514:10:codeplugGetQuickkeyFunctionID	0	static
../application/source/functions/codeplug.c:1546:6:codeplugSetQuickkeyFunctionID	16	static
../application/source/functions/codeplug.c:1561:5:codeplugGetRepeaterWakeAttempts	0	static
../application/source/functions/codeplug.c:1606:5:codeplugGetPasswordPin	16	static
../application/source/functions/codeplug.c:1637:6:codeplugSetTATxForTS	0	static
../application/source/functions/codeplug.c:1645:12:codeplugGetTATxForTS	0	static
../application/source/functions/codeplug.c:1650:6:codeplugInitLastUsedChannelInZone	16	static
../application/source/functions/codeplug.c:1674:9:codeplugGetLastUsedChannelInZone	0	static
../application/source/functions/codeplug.c:1682:9:codeplugGetLastUsedChannelInCurrentZone	0	static
../application/source/functions/codeplug.c:1687:9:codeplugGetLastUsedChannelNumberInCurrentZone	8	static
../application/source/functions/codeplug.c:1694:9:codeplugSetLastUsedChannelInZone	0	static
../application/source/functions/codeplug.c:1719:9:codeplugSetLastUsedChannelInCurrentZone	0	static
../application/source/functions/codeplug.c:1724:6:codeplugSaveLastUsedChannelInZone	16	static
../application/source/functions/codeplug.c:1742:5:codeplugAPRSConfigGetCount	0	static
../application/source/functions/codeplug.c:1747:6:codeplugAPRSGetDataForIndex	8	static
../application/source/functions/codeplug.c:1590:6:codeplugInitCaches	96	static
../application/source/functions/codeplug.c:1762:5:codeplugAPRSGetIndexOfName	32	static
