../application/source/functions/satellite.c:123:13:decompressTleData	8	static
../application/source/functions/satellite.c:111:14:satelliteGetElement	48	static
../application/source/functions/satellite.c:200:12:satelliteGetDoppler	64	static
../application/source/functions/satellite.c:163:10:satelliteDayFn	8	static
../application/source/functions/satellite.c:134:6:satelliteTLE2Native	144	static
../application/source/functions/satellite.c:174:7:satelliteAtnFn	16	static
../application/source/functions/satellite.c:220:6:satelliteSetObserverLocation	56	static
../application/source/functions/satellite.c:293:6:satelliteCalculateForDateTimeSecs	160	static
../application/source/functions/satellite.c:433:6:satellitePredictNextPassFromDateTimeSecs	88	static
../application/source/functions/satellite.c:625:10:satelliteGetMaximumElevation	104	static
