../application/source/functions/settings.c:619:13:settingsVFOSanityCheck	16	static
../application/source/functions/settings.c:83:6:settingsSaveSettings	8	static
../application/source/functions/settings.c:253:6:settingsRestoreDefaultSettings	16	static
../application/source/functions/settings.c:420:6:enableVoicePromptsIfLoaded	0	static
../application/source/functions/settings.c:435:6:settingsEraseCustomContent	0	static
../application/source/functions/settings.c:442:6:settingsSetBOOL	0	static
../application/source/functions/settings.c:448:6:settingsSetINT8	0	static
../application/source/functions/settings.c:454:6:settingsSetUINT8	0	static
../application/source/functions/settings.c:460:6:settingsSetINT16	0	static
../application/source/functions/settings.c:466:6:settingsSetUINT16	0	static
../application/source/functions/settings.c:472:6:settingsSetINT32	0	static
../application/source/functions/settings.c:478:6:settingsSetUINT32	0	static
../application/source/functions/settings.c:484:6:settingsIncINT8	0	static
../application/source/functions/settings.c:490:6:settingsIncUINT8	0	static
../application/source/functions/settings.c:496:6:settingsIncINT16	0	static
../application/source/functions/settings.c:502:6:settingsIncUINT16	0	static
../application/source/functions/settings.c:508:6:settingsIncINT32	0	static
../application/source/functions/settings.c:514:6:settingsIncUINT32	0	static
../application/source/functions/settings.c:520:6:settingsDecINT8	0	static
../application/source/functions/settings.c:526:6:settingsDecUINT8	0	static
../application/source/functions/settings.c:532:6:settingsDecINT16	0	static
../application/source/functions/settings.c:538:6:settingsDecUINT16	0	static
../application/source/functions/settings.c:544:6:settingsDecINT32	0	static
../application/source/functions/settings.c:550:6:settingsDecUINT32	0	static
../application/source/functions/settings.c:557:6:settingsSetOptionBit	0	static
../application/source/functions/settings.c:113:6:settingsLoadSettings	120	static
../application/source/functions/settings.c:570:6:settingsIsOptionBitSetFromSettings	0	static
../application/source/functions/settings.c:575:6:settingsIsOptionBitSet	0	static
../application/source/functions/settings.c:580:6:settingsSetDirty	0	static
../application/source/functions/settings.c:589:6:settingsSetVFODirty	0	static
../application/source/functions/settings.c:598:6:settingsSaveIfNeeded	0	static
../application/source/functions/settings.c:613:5:settingsGetScanStepTimeMilliseconds	0	static
