../application/source/functions/sound.c:516:13:soundBeepTaskFunction	72	static
../application/source/functions/sound.c:149:9:getAudioAmpStatus	0	static
../application/source/functions/sound.c:154:6:enableAudioAmp	0	static
../application/source/functions/sound.c:166:6:disableAudioAmp	0	static
../application/source/functions/sound.c:179:6:soundSetMelody	8	static
../application/source/functions/sound.c:206:6:soundCreateSong	20	static
../application/source/functions/sound.c:229:6:soundInitBeepTask	24	static
../application/source/functions/sound.c:248:6:soundInit	0	static
../application/source/functions/sound.c:256:6:soundTerminateSound	0	static
../application/source/functions/sound.c:261:6:soundSetupBuffer	0	static
../application/source/functions/sound.c:266:6:soundStoreBuffer	8	static
../application/source/functions/sound.c:279:6:soundRetrieveBuffer	8	static
../application/source/functions/sound.c:305:6:soundRefillData	32	static
../application/source/functions/sound.c:375:6:soundStartDMA	0	static
../application/source/functions/sound.c:293:6:soundFillData	8	static
../application/source/functions/sound.c:381:6:soundSendData	8	static
../application/source/functions/sound.c:392:6:soundReceiveData	16	static
../application/source/functions/sound.c:404:6:soundReceiveRefillData	36	static
../application/source/functions/sound.c:435:6:soundTickRXBuffer	0	static
../application/source/functions/sound.c:446:6:soundStopMelody	8	static
../application/source/functions/sound.c:475:6:soundMelodyIsPlaying	0	static
../application/source/functions/sound.c:480:6:soundTickMelody	32	static
