../application/source/functions/trx.c:962:13:trxUpdateC6000Calibration	16	static
../application/source/functions/trx.c:970:13:trxUpdateRadioCalibration	8	static
../application/source/functions/trx.c:208:9:trxGetAnalogFilterLevel	0	static
../application/source/functions/trx.c:213:6:trxSetAnalogFilterLevel	0	static
../application/source/functions/trx.c:218:5:trxGetMode	0	static
../application/source/functions/trx.c:223:6:trxGetBandwidthIs25kHz	0	static
../application/source/functions/trx.c:228:6:trxSetModeAndBandwidth	24	static
../application/source/functions/trx.c:307:10:trxGetNextOrPrevBandFromFrequency	0	static
../application/source/functions/trx.c:343:10:trxGetBandFromFrequency	0	static
../application/source/functions/trx.c:356:6:trxCheckFrequencyInAmateurBand	0	static
../application/source/functions/trx.c:375:6:trxReadVoxAndMicStrength	0	static
../application/source/functions/trx.c:382:6:trxPostponeReadRSSIAndNoise	0	static
../application/source/functions/trx.c:388:6:trxReadRSSIAndNoise	8	static
../application/source/functions/trx.c:397:6:trxCarrierDetected	8	static
../application/source/functions/trx.c:428:6:trxCheckDigitalSquelch	16	static
../application/source/functions/trx.c:473:6:trxTerminateCheckAnalogSquelch	8	static
../application/source/functions/trx.c:637:6:trxResetSquelchesState	0	static
../application/source/functions/trx.c:715:10:trxGetFrequency	0	static
../application/source/functions/trx.c:755:6:trxActivateRx	16	static
../application/source/functions/trx.c:725:6:trxSetRX	0	static
../application/source/functions/trx.c:643:6:trxSetFrequency	16	static
../application/source/functions/trx.c:770:6:trxActivateTx	8	static
../application/source/functions/trx.c:789:6:trxActivateDMRTx	8	static
../application/source/functions/trx.c:796:6:trxFastDMRTx	0	static
../application/source/functions/trx.c:801:6:trxSetPowerFromLevel	0	static
../application/source/functions/trx.c:806:6:trxUpdate_PA_DAC_Drive	0	static
../application/source/functions/trx.c:733:6:trxConfigurePA_DAC_ForFrequencyBand	8	static
../application/source/functions/trx.c:743:6:trxSetTX	8	static
../application/source/functions/trx.c:927:10:trxGetPA_DAC_Drive	0	static
../application/source/functions/trx.c:932:9:trxGetPowerLevel	0	static
../application/source/functions/trx.c:937:6:trxCalcBandAndFrequencyOffset	0	static
../application/source/functions/trx.c:979:6:trxSetDMRColourCode	8	static
../application/source/functions/trx.c:990:9:trxGetDMRColourCode	0	static
../application/source/functions/trx.c:995:5:trxGetDMRTimeSlot	0	static
../application/source/functions/trx.c:1000:6:trxSetDMRTimeSlot	16	static
../application/source/functions/trx.c:1015:6:trxUpdateTsForCurrentChannelWithSpecifiedContact	16	static
../application/source/functions/trx.c:1064:6:trxSetTxCSS	8	static
../application/source/functions/trx.c:1086:6:trxSetRxCSS	16	static
../application/source/functions/trx.c:1119:6:trxCheckCSSFlag	8	static
../application/source/functions/trx.c:481:6:trxCheckAnalogSquelch	24	static
../application/source/functions/trx.c:1126:9:trxGetCalibrationVoiceGainTx	0	static
../application/source/functions/trx.c:1131:6:trxSetTone1	0	static
../application/source/functions/trx.c:1136:6:trxSetDTMF	0	static
../application/source/functions/trx.c:1144:6:trxDTMFoff	0	static
../application/source/functions/trx.c:1149:6:trxSetMicGainFM	0	static
../application/source/functions/trx.c:1154:6:trxEnableTransmission	8	static
../application/source/functions/trx.c:1161:6:trxDisableTransmission	8	static
../application/source/functions/trx.c:1168:6:trxPowerUpDownRxAndC6000	152	static
../application/source/functions/trx.c:1251:6:trxInvalidateCurrentFrequency	0	static
../application/source/functions/trx.c:1258:6:trxSelectVoiceChannel	0	static
../application/source/functions/trx.c:1263:6:trxRxAndTxOff	0	static
../application/source/functions/trx.c:1268:6:trxRxOn	0	static
../application/source/functions/trx.c:1285:5:trxGetRSSIdBm	0	static
../application/source/functions/trx.c:1304:5:trxGetNoisedBm	0	static
../application/source/functions/trx.c:1321:5:trxGetSNRMargindBm	8	static
../application/source/functions/trx.c:1326:9:trxGetSignalRaw	0	static
../application/source/functions/trx.c:1331:9:trxGetNoiseRaw	0	static
