../application/source/functions/voicePrompts.c:141:13:voicePromptsTerminateOptionalTail	16	static
../application/source/functions/voicePrompts.c:126:6:voicePromptsCheckMagicAndVersion	0	static
../application/source/functions/voicePrompts.c:91:6:voicePromptsCacheInit	16	static
../application/source/functions/voicePrompts.c:159:6:voicePromptsTick	16	static
../application/source/functions/voicePrompts.c:217:6:voicePromptsTerminate	0	static
../application/source/functions/voicePrompts.c:222:6:voicePromptsTerminateNoTail	0	static
../application/source/functions/voicePrompts.c:227:6:voicePromptsInit	8	static
../application/source/functions/voicePrompts.c:243:6:voicePromptsInitWithOverride	0	static
../application/source/functions/voicePrompts.c:249:6:voicePromptsAppendPrompt	8	static
../application/source/functions/voicePrompts.c:268:6:voicePromptsAppendString	8	static
../application/source/functions/voicePrompts.c:332:6:voicePromptsAppendInteger	24	static
../application/source/functions/voicePrompts.c:339:6:voicePromptsAppendLanguageString	0	static
../application/source/functions/voicePrompts.c:355:6:voicePromptsPlay	24	static
../application/source/functions/voicePrompts.c:403:13:voicePromptsIsPlaying	0	static
../application/source/functions/voicePrompts.c:408:6:voicePromptsHasDataToPlay	0	static
../application/source/functions/voicePrompts.c:413:6:voicePromptsDoesItContainPrompt	8	static
