../application/source/hardware/AT1846S.c:402:17:dcsGetBitPatternFromCode	20	static
../application/source/hardware/AT1846S.c:272:6:radioWriteReg2byte	56	static
../application/source/hardware/AT1846S.c:320:6:radioReadReg2byte	40	static
../application/source/hardware/AT1846S.c:358:6:radioSetClearReg2byteWithMask	32	static
../application/source/hardware/AT1846S.c:384:6:I2C_AT1846_set_register_with_mask	32	static
../application/source/hardware/AT1846S.c:391:6:I2C_AT1846S_send_Settings	16	static
../application/source/hardware/AT1846S.c:221:6:AT1846sInit	8	static
../application/source/hardware/AT1846S.c:232:6:AT1846sPostInit	0	static
../application/source/hardware/AT1846S.c:237:6:AT1846sSetMode	0	static
../application/source/hardware/AT1846S.c:249:6:AT1846sSetBandWidth	16	static
../application/source/hardware/AT1846S.c:433:6:AT1846sSetRxCSSOff	16	static
../application/source/hardware/AT1846S.c:448:6:AT1846sSetRxCTCSS	24	static
../application/source/hardware/AT1846S.c:476:6:AT1846sSetRxDCS	24	static
../application/source/hardware/AT1846S.c:501:6:AT1846sSetTxCTCSS	16	static
../application/source/hardware/AT1846S.c:529:6:AT1846sSetTxDCS	24	static
../application/source/hardware/AT1846S.c:547:6:AT1846sCheckCSS	24	static
../application/source/hardware/AT1846S.c:562:6:AT1846sWriteTone1Reg	40	static
../application/source/hardware/AT1846S.c:584:6:AT1846sSelectVoiceChannel	40	static
