../application/source/hardware/HR-C6000.c:2015:13:hrc6000InitDigitalState	0	static
../application/source/hardware/HR-C6000.c:2158:13:hrc6000SendPcOrTgLCHeader	24	static
../application/source/hardware/HR-C6000.c:351:13:hrc6000WriteSPIRegister0x04Multi	16	static
../application/source/hardware/HR-C6000.c:579:13:hrc6000CheckColourCodeFilter	8	static
../application/source/hardware/HR-C6000.c:1455:13:hrc6000TransitionToTx	8	static
../application/source/hardware/HR-C6000.c:459:20:hrc6000CrcIsValid	8	static
../application/source/hardware/HR-C6000.c:1976:20:hrc6000RxInterruptHandler	0	static
../application/source/hardware/HR-C6000.c:1474:6:hrc6000TxBurstCallback	16	static
../application/source/hardware/HR-C6000.c:469:12:hrc6000GetTSTimeoutValue	0	static
../application/source/hardware/HR-C6000.c:487:20:hrc6000CheckTimeSlotFilter	16	static
../application/source/hardware/HR-C6000.c:325:9:getCurrentTATxFlag	16	static
../application/source/hardware/HR-C6000.c:454:6:HRC6000SetMicGainDMR	0	static
../application/source/hardware/HR-C6000.c:518:6:HRC6000CheckTalkGroupFilter	8	static
../application/source/hardware/HR-C6000.c:1989:6:hrc6000TxInterruptHandler	8	static
../application/source/hardware/HR-C6000.c:2002:6:hrc6000SetInIRQHandler	0	static
../application/source/hardware/HR-C6000.c:2037:6:HRC6000InitInterrupts	8	static
../application/source/hardware/HR-C6000.c:2066:6:HRC6000ResetTimeSlotDetection	16	static
../application/source/hardware/HR-C6000.c:2133:6:HRC6000TerminateDigital	8	static
../application/source/hardware/HR-C6000.c:2640:6:HRC6000InitTask	16	static
../application/source/hardware/HR-C6000.c:2656:6:HRC6000ClearIsWakingState	0	static
../application/source/hardware/HR-C6000.c:2661:5:HRC6000GetIsWakingState	0	static
../application/source/hardware/HR-C6000.c:2666:6:HRC6000ClearActiveDMRID	0	static
../application/source/hardware/HR-C6000.c:1271:6:hrc6000SysInterruptHandler	64	static
../application/source/hardware/HR-C6000.c:2674:6:HRC6000ResyncTimeSlot	8	static
../application/source/hardware/HR-C6000.c:2710:10:HRC6000GetReceivedTgOrPcId	0	static
../application/source/hardware/HR-C6000.c:2715:10:HRC6000GetReceivedSrcId	0	static
../application/source/hardware/HR-C6000.c:2720:6:HRC6000ClearTimecodeSynchronisation	0	static
../application/source/hardware/HR-C6000.c:2725:6:HRC6000ClearColorCodeSynchronisation	0	static
../application/source/hardware/HR-C6000.c:2736:6:HRC6000SetTalkerAlias	0	static
../application/source/hardware/HR-C6000.c:2741:6:HRC6000SetTalkerAliasLocation	16	static
../application/source/hardware/HR-C6000.c:2759:6:HRC6000IRQHandlerIsRunning	0	static
../application/source/hardware/HR-C6000.c:2764:6:HRC6000HasGotSync	0	static
../application/source/hardware/HR-C6000.c:2769:6:HRC6000SetMicGainFM	0	static
../application/source/hardware/HR-C6000.c:2774:6:HRC6000SetFMTx	16	static
../application/source/hardware/HR-C6000.c:2846:6:HRC6000SetFMRx	8	static
../application/source/hardware/HR-C6000.c:2858:6:HRC6000SetDMR	8	static
../application/source/hardware/HR-C6000.c:2044:6:HRC6000InitDigitalDmrRx	8	static
../application/source/hardware/HR-C6000.c:1483:6:hrc6000TimeslotInterruptHandler	56	static
../application/source/hardware/HR-C6000.c:2099:6:HRC6000InitDigital	8	static
../application/source/hardware/HR-C6000.c:2616:13:hrc6000TaskFunction	8	static
../application/source/hardware/HR-C6000.c:2877:6:HRC6000SetTxCTCSS	16	static
../application/source/hardware/HR-C6000.c:2892:6:HRC6000SetTxDCS	16	static
../application/source/hardware/HR-C6000.c:2916:6:HRC6000SetRxDCS	16	static
../application/source/hardware/HR-C6000.c:2939:6:HRC6000SetRxCTCSS	8	static
../application/source/hardware/HR-C6000.c:2948:6:HRC6000CheckCSS	16	static
../application/source/hardware/HR-C6000.c:2957:6:HRC6000SetLineOut	0	static
../application/source/hardware/HR-C6000.c:2962:6:HRC6000SetMic	0	static
../application/source/hardware/HR-C6000.c:2967:6:HRC6000SetFmAudio	8	static
../application/source/hardware/HR-C6000.c:2981:6:HRC6000MuteFmAudio	0	static
../application/source/hardware/HR-C6000.c:2994:6:HRC6000GetTone1Config	0	static
../application/source/hardware/HR-C6000.c:2999:6:HRC6000SetTone1Config	0	static
../application/source/hardware/HR-C6000.c:3005:6:HRC6000SetDTMF	8	static
../application/source/hardware/HR-C6000.c:3046:6:HRC6000DTMFoff	8	static
../application/source/hardware/HR-C6000.c:3059:6:HRC6000SendTone	16	static
../application/source/hardware/HR-C6000.c:3074:6:HRC6000InitDTMF	8	static
../application/source/hardware/HR-C6000.c:361:6:HRC6000Init	136	static
../application/source/hardware/HR-C6000.c:3095:6:HRC6000SetDmrRxGain	8	static
../application/source/hardware/HR-C6000.c:436:6:HRC6000FlushMusic	136	static
../application/source/hardware/HR-C6000.c:3104:6:HRC6000SetDmrAGCGain	0	static
../application/source/hardware/HR-C6000.c:3110:6:HRC6000CCIsHeld	0	static
