../application/source/hardware/HX8353E_display.c:81:9:displaySetPixel	0	static
../application/source/hardware/HX8353E_display.c:172:5:displayPrintCore	144	static
../application/source/hardware/HX8353E_display.c:306:6:displayClearBuf	0	static
../application/source/hardware/HX8353E_display.c:315:6:displayClearRows	0	static
../application/source/hardware/HX8353E_display.c:340:6:displayPrintCentered	16	static
../application/source/hardware/HX8353E_display.c:345:6:displayPrintAt	16	static
../application/source/hardware/HX8353E_display.c:351:6:displayDrawLine	48	static
../application/source/hardware/HX8353E_display.c:407:6:displayDrawCircle	56	static
../application/source/hardware/HX8353E_display.c:444:6:displayDrawCircleHelper	56	static
../application/source/hardware/HX8353E_display.c:805:6:displayDrawEllipse	56	static
../application/source/hardware/HX8353E_display.c:855:6:displayDrawTriangle	40	static
../application/source/hardware/HX8353E_display.c:1021:6:displayFillRect	20	static
../application/source/hardware/HX8353E_display.c:396:6:displayDrawFastVLine	16	static
../application/source/hardware/HX8353E_display.c:494:6:displayFillCircleHelper	72	static
../application/source/hardware/HX8353E_display.c:529:6:displayFillCircle	32	static
../application/source/hardware/HX8353E_display.c:551:6:displayFillArcOffsetted	120	static
../application/source/hardware/HX8353E_display.c:790:6:displayFillArc	16	static
../application/source/hardware/HX8353E_display.c:401:6:displayDrawFastHLine	16	static
../application/source/hardware/HX8353E_display.c:865:6:displayFillTriangle	80	static
../application/source/hardware/HX8353E_display.c:971:6:displayDrawRoundRect	64	static
../application/source/hardware/HX8353E_display.c:1010:6:displayDrawRect	32	static
../application/source/hardware/HX8353E_display.c:988:6:displayFillRoundRect	56	static
../application/source/hardware/HX8353E_display.c:1000:6:displayDrawRoundRectWithDropShadow	48	static
../application/source/hardware/HX8353E_display.c:1038:6:displayDrawRectWithDropShadow	40	static
../application/source/hardware/HX8353E_display.c:1048:6:displayDrawBitmap	64	static
../application/source/hardware/HX8353E_display.c:1077:6:displayDrawXBitmap	64	static
../application/source/hardware/HX8353E_display.c:1199:11:displayGetScreenBuffer	0	static
../application/source/hardware/HX8353E_display.c:1204:6:displayRestorePrimaryScreenBuffer	0	static
../application/source/hardware/HX8353E_display.c:1209:11:displayGetPrimaryScreenBuffer	0	static
../application/source/hardware/HX8353E_display.c:1214:6:displayOverrideScreenBuffer	0	static
../application/source/hardware/HX8353E_display.c:1230:6:displayRenderRows	48	static
../application/source/hardware/HX8353E_display.c:95:6:displayRenderWithoutNotification	8	static
../application/source/hardware/HX8353E_display.c:101:6:displayRender	8	static
../application/source/hardware/HX8353E_display.c:1291:6:displaySetInverseVideo	0	static
../application/source/hardware/HX8353E_display.c:1303:6:displaySetContrast	0	static
../application/source/hardware/HX8353E_display.c:1310:6:displaySetDisplayPowerMode	0	static
../application/source/hardware/HX8353E_display.c:1320:6:displayConvertGD77ImageData	48	static
../application/source/hardware/HX8353E_display.c:1348:10:displayConvertRGB888ToNative	0	static
../application/source/hardware/HX8353E_display.c:1358:6:displaySetForegroundAndBackgroundColours	0	static
../application/source/hardware/HX8353E_display.c:1364:6:displayGetForegroundAndBackgroundColours	0	static
../application/source/hardware/HX8353E_display.c:1371:6:themeInitToDefaultValues	12	static
../application/source/hardware/HX8353E_display.c:1443:6:displayThemeApply	0	static
../application/source/hardware/HX8353E_display.c:1458:6:displayThemeResetToDefault	0	static
../application/source/hardware/HX8353E_display.c:1104:6:displayDrawChoice	64	static
../application/source/hardware/HX8353E_display.c:1413:6:themeInit	80	static
../application/source/hardware/HX8353E_display.c:1297:6:displayBegin	8	static
../application/source/hardware/HX8353E_display.c:1465:6:displayThemeIsForegroundColourEqualTo	0	static
../application/source/hardware/HX8353E_display.c:1470:6:displayThemeGetForegroundAndBackgroundItems	0	static
../application/source/hardware/HX8353E_display.c:1476:6:displayThemeSaveToFlash	0	static
