../application/source/hardware/radioHardwareInterface.c:98:6:radioSetRxLNAForDevice	8	static
../application/source/hardware/radioHardwareInterface.c:82:6:radioPowerOn	8	static
../application/source/hardware/radioHardwareInterface.c:112:6:radioPowerOff	16	static
../application/source/hardware/radioHardwareInterface.c:155:6:radioPostinit	0	static
../application/source/hardware/radioHardwareInterface.c:160:15:radioSetTRxDevice	0	static
../application/source/hardware/radioHardwareInterface.c:149:6:radioInit	8	static
../application/source/hardware/radioHardwareInterface.c:171:15:radioGetTRxDeviceId	0	static
../application/source/hardware/radioHardwareInterface.c:176:6:radioSetBandwidth	0	static
../application/source/hardware/radioHardwareInterface.c:181:6:radioSetMode	8	static
../application/source/hardware/radioHardwareInterface.c:194:6:radioReadVoxAndMicStrength	8	static
../application/source/hardware/radioHardwareInterface.c:205:6:radioSetFrequency	32	static
../application/source/hardware/radioHardwareInterface.c:289:6:radioSetIF	0	static
../application/source/hardware/radioHardwareInterface.c:296:6:radioSetTx	8	static
../application/source/hardware/radioHardwareInterface.c:346:6:radioFastTx	16	static
../application/source/hardware/radioHardwareInterface.c:375:6:radioSetRx	8	static
../application/source/hardware/radioHardwareInterface.c:411:6:radioReadRSSIAndNoiseForBand	16	static
../application/source/hardware/radioHardwareInterface.c:451:6:radioTxCSSOff	0	static
../application/source/hardware/radioHardwareInterface.c:456:6:radioTxCTCSOn	0	static
../application/source/hardware/radioHardwareInterface.c:461:6:radioTxDCSOn	0	static
../application/source/hardware/radioHardwareInterface.c:472:6:radioRxCSSOff	0	static
../application/source/hardware/radioHardwareInterface.c:477:6:radioRxCTCSOn	0	static
../application/source/hardware/radioHardwareInterface.c:482:6:radioRxDCSOn	0	static
../application/source/hardware/radioHardwareInterface.c:487:6:radioCheckCSS	0	static
../application/source/hardware/radioHardwareInterface.c:492:6:radioSetTone1	8	static
../application/source/hardware/radioHardwareInterface.c:507:6:radioSetMicGainFM	0	static
../application/source/hardware/radioHardwareInterface.c:512:6:radioAudioAmp	8	static
../application/source/hardware/radioHardwareInterface.c:518:6:radioSetAudioPath	0	static
../application/source/hardware/radioHardwareInterface.c:523:6:radioSelectVoiceChannel	0	static
