../application/source/hardware/SPI_Flash.c:275:20:spi_flash_enable	0	static
../application/source/hardware/SPI_Flash.c:280:13:spi_flash_disable	0	static
../application/source/hardware/SPI_Flash.c:285:13:spi_flash_busy	16	static
../application/source/hardware/SPI_Flash.c:298:13:spi_flash_setWriteEnable.constprop	16	static
../application/source/hardware/SPI_Flash.c:101:6:SPI_Flash_read	24	static
../application/source/hardware/SPI_Flash.c:180:10:SPI_Flash_readStatusRegisters	16	static
../application/source/hardware/SPI_Flash.c:205:9:SPI_Flash_readManufacturer	24	static
../application/source/hardware/SPI_Flash.c:217:10:SPI_Flash_readPartID	24	static
../application/source/hardware/SPI_Flash.c:86:6:SPI_Flash_init	8	static
../application/source/hardware/SPI_Flash.c:229:6:SPI_Flash_writePage	16	static
../application/source/hardware/SPI_Flash.c:254:6:SPI_Flash_eraseSector	16	static
../application/source/hardware/SPI_Flash.c:113:6:SPI_Flash_write	48	static
../application/source/hardware/SPI_Flash.c:307:6:SPI_Flash_readSecurityRegisters	56	static
../application/source/hardware/SPI_Flash.c:328:9:SPI_Flash_readSingleSecurityRegister	24	static
