../application/source/user_interface/menuSatelliteScreen.c:1509:13:exitCallback	8	static
../application/source/user_interface/menuSatelliteScreen.c:1364:13:loadKeps	2544	static
../application/source/user_interface/menuSatelliteScreen.c:1530:13:calculateActiveSatelliteData	40	static
../application/source/user_interface/menuSatelliteScreen.c:1452:13:selectSatellite	8	static
../application/source/user_interface/menuSatelliteScreen.c:272:13:updateScreen	240	static
../application/source/user_interface/menuSatelliteScreen.c:103:14:menuSatelliteScreen	128	static
../application/source/user_interface/menuSatelliteScreen.c:1408:6:menuSatelliteScreenClearPredictions	16	static
../application/source/user_interface/menuSatelliteScreen.c:1474:6:menuSatelliteIsDisplayingHeader	0	static
../application/source/user_interface/menuSatelliteScreen.c:1479:6:menuSatelliteTxScreen	64	static
../application/source/user_interface/menuSatelliteScreen.c:1502:6:menuSatelliteSetFullReload	0	static
