../application/source/user_interface/menuSystem.c:170:13:menuSystemCheckForFirstEntryAudible	8	static
../application/source/user_interface/menuSystem.c:247:5:menuSystemGetLastItemIndex	0	static
../application/source/user_interface/menuSystem.c:257:6:menuSystemRegisterExitCallback	0	static
../application/source/user_interface/menuSystem.c:281:6:menuSystemCallExitCallback	16	static
../application/source/user_interface/menuSystem.c:360:5:menuSystemGetCurrentMenuNumber	0	static
../application/source/user_interface/menuSystem.c:365:5:menuSystemGetPreviousMenuNumber	0	static
../application/source/user_interface/menuSystem.c:375:5:menuSystemGetPreviouslyPushedMenuNumber	0	static
../application/source/user_interface/menuSystem.c:391:5:menuSystemGetRootMenuNumber	0	static
../application/source/user_interface/menuSystem.c:578:6:displayLightTrigger	8	static
../application/source/user_interface/menuSystem.c:197:13:menuSystemPushMenuFirstRun	40	static
../application/source/user_interface/menuSystem.c:263:6:menuSystemPushNewMenu	16	static
../application/source/user_interface/menuSystem.c:291:6:menuSystemPopPreviousMenu	8	static
../application/source/user_interface/menuSystem.c:313:6:menuSystemPopAllAndDisplayRootMenu	8	static
../application/source/user_interface/menuSystem.c:331:6:menuSystemPopAllAndDisplaySpecificRootMenu	16	static
../application/source/user_interface/menuSystem.c:353:6:menuSystemSetCurrentMenu	8	static
../application/source/user_interface/menuSystem.c:552:6:menuSystemCallCurrentMenuTick	16	static
../application/source/user_interface/menuSystem.c:592:6:displayLightOverrideTimeout	16	static
../application/source/user_interface/menuSystem.c:608:6:menuSystemInit	32	static
../application/source/user_interface/menuSystem.c:635:6:menuSystemLanguageHasChanged	0	static
../application/source/user_interface/menuSystem.c:701:6:menuDisplayTitle	32	static
../application/source/user_interface/menuSystem.c:724:6:menuDisplayEntry	80	static
../application/source/user_interface/menuSystem.c:768:5:menuGetMenuOffset	8	static
../application/source/user_interface/menuSystem.c:816:5:menuGetKeypadKeyValue	88	static
../application/source/user_interface/menuSystem.c:866:6:menuUpdateCursor	24	static
../application/source/user_interface/menuSystem.c:903:6:moveCursorLeftInString	24	static
../application/source/user_interface/menuSystem.c:933:6:moveCursorRightInString	24	static
../application/source/user_interface/menuSystem.c:959:6:menuSystemMenuIncrement	0	static
../application/source/user_interface/menuSystem.c:964:6:menuSystemMenuDecrement	0	static
../application/source/user_interface/menuSystem.c:970:6:menuDisplaySettingOption	32	static
