../application/source/user_interface/uiChannelMode.c:2428:13:updateTrxID	8	static
../application/source/user_interface/uiChannelMode.c:2688:13:quicksortChannelByDistance	40	static
../application/source/user_interface/uiChannelMode.c:124:13:checkChannelLocation	24	static
../application/source/user_interface/uiChannelMode.c:2732:13:initSortedChannels	728	static
../application/source/user_interface/uiChannelMode.c:1869:13:updateQuickMenuScreen	104	static
../application/source/user_interface/uiChannelMode.c:1831:13:validateOverwriteChannel	56	static
../application/source/user_interface/uiChannelMode.c:2362:13:scanStart	32	static
../application/source/user_interface/uiChannelMode.c:528:6:uiChannelModeLoadChannelData	72	static
../application/source/user_interface/uiChannelMode.c:706:6:uiChannelModeUpdateScreen	112	static
../application/source/user_interface/uiChannelMode.c:353:13:hidesChannelDetails	8	static
../application/source/user_interface/uiChannelMode.c:1607:13:handleUpKey.isra	24	static
../application/source/user_interface/uiChannelMode.c:1693:13:handleDownKey.isra	24	static
../application/source/user_interface/uiChannelMode.c:2650:6:uiChannelModeStopScanning	0	static
../application/source/user_interface/uiChannelMode.c:2612:13:scanStop	24	static
../application/source/user_interface/uiChannelMode.c:1784:14:uiChannelModeQuickMenu	40	static
../application/source/user_interface/uiChannelMode.c:2664:6:uiChannelModeIsScanning	0	static
../application/source/user_interface/uiChannelMode.c:2669:6:uiChannelModeColdStart	0	static
../application/source/user_interface/uiChannelMode.c:2675:6:uiChannelInitializeCurrentZone	16	static
../application/source/user_interface/uiChannelMode.c:152:14:uiChannelMode	40	static
