../application/source/user_interface/uiUtilities.c:1104:13:dmrDbTextDecode	24	static
../application/source/user_interface/uiUtilities.c:1011:13:dmrIDReadContactInFlash	4	static
../application/source/user_interface/uiUtilities.c:2642:22:announceVFOChannelName	8	static
../application/source/user_interface/uiUtilities.c:2377:22:announceZoneName	32	static
../application/source/user_interface/uiUtilities.c:2429:22:announceContactNameTgOrPc	40	static
../application/source/user_interface/uiUtilities.c:2544:22:announceTS	8	static
../application/source/user_interface/uiUtilities.c:2557:22:announceCC	8	static
../application/source/user_interface/uiUtilities.c:3569:13:dtmfStopLocalTone	8	static
../application/source/user_interface/uiUtilities.c:2361:22:announceRadioMode	16	static
../application/source/user_interface/uiUtilities.c:3312:10:cssGetToneFromIndex.part.0	0	static
../application/source/user_interface/uiUtilities.c:2608:13:announceQRG.constprop	40	static
../application/source/user_interface/uiUtilities.c:2098:13:drawHeaderBar.constprop	16	static
../application/source/user_interface/uiUtilities.c:87:6:tsSetManualOverride	0	static
../application/source/user_interface/uiUtilities.c:105:6:tsSetFromContactOverride	0	static
../application/source/user_interface/uiUtilities.c:120:8:tsGetManualOverride	0	static
../application/source/user_interface/uiUtilities.c:127:8:tsGetManualOverrideFromCurrentChannel	0	static
../application/source/user_interface/uiUtilities.c:138:6:tsIsManualOverridden	0	static
../application/source/user_interface/uiUtilities.c:145:6:tsSetContactHasBeenOverriden	0	static
../application/source/user_interface/uiUtilities.c:163:6:tsIsContactHasBeenOverriddenFromCurrentChannel	0	static
../application/source/user_interface/uiUtilities.c:173:6:tsIsContactHasBeenOverridden	0	static
../application/source/user_interface/uiUtilities.c:208:7:chomp	8	static
../application/source/user_interface/uiUtilities.c:1325:13:displaySplitOrSpanText.constprop	80	static
../application/source/user_interface/uiUtilities.c:244:9:getFirstSpacePos	0	static
../application/source/user_interface/uiUtilities.c:261:6:lastHeardInitList	20	static
../application/source/user_interface/uiUtilities.c:301:13:lastHeardFindInList	0	static
../application/source/user_interface/uiUtilities.c:178:6:isQSODataAvailableForCurrentTalker	8	static
../application/source/user_interface/uiUtilities.c:318:10:coordsToMaidenhead	24	static
../application/source/user_interface/uiUtilities.c:397:6:buildLocationAndMaidenheadStrings	80	static
../application/source/user_interface/uiUtilities.c:434:8:latLongFixed24ToDouble	16	static
../application/source/user_interface/uiUtilities.c:465:8:latLongFixed32ToDouble	16	static
../application/source/user_interface/uiUtilities.c:482:10:latLongDoubleToFixed32	24	static
../application/source/user_interface/uiUtilities.c:451:10:latLongDoubleToFixed24	0	static
../application/source/user_interface/uiUtilities.c:496:8:distanceToLocation	48	static
../application/source/user_interface/uiUtilities.c:632:6:lastHeardClearLastID	8	static
../application/source/user_interface/uiUtilities.c:754:6:lastHeardClearWorkingTAData	8	static
../application/source/user_interface/uiUtilities.c:1094:6:dmrIDCacheClear	0	static
../application/source/user_interface/uiUtilities.c:1027:6:dmrIDCacheInit	112	static
../application/source/user_interface/uiUtilities.c:1099:10:dmrIDCacheGetCount	0	static
../application/source/user_interface/uiUtilities.c:1142:6:dmrIDLookup	104	static
../application/source/user_interface/uiUtilities.c:1279:6:contactIDLookup	48	static
../application/source/user_interface/uiUtilities.c:641:13:updateLHItem	120	static
../application/source/user_interface/uiUtilities.c:762:6:lastHeardListUpdate	64	static
../application/source/user_interface/uiUtilities.c:2117:6:uiUtilityDrawRSSIBarGraph	24	static
../application/source/user_interface/uiUtilities.c:2176:6:uiUtilityDrawFMMicLevelBarGraph	16	static
../application/source/user_interface/uiUtilities.c:2201:6:uiUtilityDrawDMRMicLevelBarGraph	16	static
../application/source/user_interface/uiUtilities.c:2207:6:setOverrideTGorPC	0	static
../application/source/user_interface/uiUtilities.c:2227:6:uiUtilityDisplayFrequency	64	static
../application/source/user_interface/uiUtilities.c:2252:8:dcsPrintf	16	static
../application/source/user_interface/uiUtilities.c:1493:6:uiUtilityDisplayInformation	56	static
../application/source/user_interface/uiUtilities.c:1297:13:displayChannelNameOrRxFrequency.constprop	16	static
../application/source/user_interface/uiUtilities.c:1409:13:displayContactTextInfos	80	static
../application/source/user_interface/uiUtilities.c:1664:6:uiUtilityRenderQSOData	96	static
../application/source/user_interface/uiUtilities.c:2257:6:freqEnterReset	0	static
../application/source/user_interface/uiUtilities.c:2263:5:freqEnterRead	20	static
../application/source/user_interface/uiUtilities.c:2290:5:getBatteryPercentage	0	static
../application/source/user_interface/uiUtilities.c:2295:6:getBatteryVoltage	0	static
../application/source/user_interface/uiUtilities.c:2672:6:announceChar	16	static
../application/source/user_interface/uiUtilities.c:2686:6:buildCSSCodeVoicePrompts	32	static
../application/source/user_interface/uiUtilities.c:2738:6:announceCSSCode	40	static
../application/source/user_interface/uiUtilities.c:2916:6:promptsPlayNotAfterTx	8	static
../application/source/user_interface/uiUtilities.c:2924:6:uiUtilityBuildTgOrPCDisplayName	120	static
../application/source/user_interface/uiUtilities.c:3071:6:repeatVoicePromptOnSK1	8	static
../application/source/user_interface/uiUtilities.c:3105:6:handleMonitorMode	24	static
../application/source/user_interface/uiUtilities.c:3252:6:saveQuickkeyMenuIndex	8	static
../application/source/user_interface/uiUtilities.c:3263:6:saveQuickkeyMenuLongValue	8	static
../application/source/user_interface/uiUtilities.c:3271:6:saveQuickkeyContactIndex	8	static
../application/source/user_interface/uiUtilities.c:3277:9:cssGetToneIndex	12	static
../application/source/user_interface/uiUtilities.c:3312:10:cssGetToneFromIndex	0	static
../application/source/user_interface/uiUtilities.c:3334:6:cssIncrement	24	static
../application/source/user_interface/uiUtilities.c:3389:6:cssDecrement	24	static
../application/source/user_interface/uiUtilities.c:3452:6:uiQuickKeysShowChoices	32	static
../application/source/user_interface/uiUtilities.c:3477:6:uiQuickKeysIsStoring	0	static
../application/source/user_interface/uiUtilities.c:3482:6:uiQuickKeysStore	16	static
../application/source/user_interface/uiUtilities.c:3653:6:dtmfSequenceReset	0	static
../application/source/user_interface/uiUtilities.c:3660:6:dtmfSequenceIsKeying	0	static
../application/source/user_interface/uiUtilities.c:3665:6:dtmfSequencePrepare	8	static
../application/source/user_interface/uiUtilities.c:3692:6:dtmfSequenceStart	0	static
../application/source/user_interface/uiUtilities.c:3700:6:dtmfSequenceStop	0	static
../application/source/user_interface/uiUtilities.c:3706:6:dtmfSequenceTick	48	static
../application/source/user_interface/uiUtilities.c:3818:6:resetOriginalSettingsData	0	static
../application/source/user_interface/uiUtilities.c:3828:6:showErrorMessage	8	static
../application/source/user_interface/uiUtilities.c:3837:13:getPowerLevel	8	static
../application/source/user_interface/uiUtilities.c:2772:6:announceItemWithInit	80	static
../application/source/user_interface/uiUtilities.c:2911:6:announceItem	0	static
../application/source/user_interface/uiUtilities.c:2301:6:increasePowerLevel	16	static
../application/source/user_interface/uiUtilities.c:2331:6:decreasePowerLevel	24	static
../application/source/user_interface/uiUtilities.c:2988:6:acceptPrivateCall	16	static
../application/source/user_interface/uiUtilities.c:3009:6:rebuildVoicePromptOnExtraLongSK1	24	static
../application/source/user_interface/uiUtilities.c:1776:6:uiUtilityRenderHeader	104	static
../application/source/user_interface/uiUtilities.c:1653:6:uiUtilityRenderQSODataAndUpdateScreen	8	static
../application/source/user_interface/uiUtilities.c:2079:6:uiUtilityRedrawHeaderOnly	24	static
../application/source/user_interface/uiUtilities.c:3846:13:getPowerLevelUnit	0	static
../application/source/user_interface/uiUtilities.c:3951:12:gmtime_r_Custom	24	static
../application/source/user_interface/uiUtilities.c:4003:15:mktime_custom	72	static
../application/source/user_interface/uiUtilities.c:4024:15:getRtcTime_custom	80	static
../application/source/user_interface/uiUtilities.c:4045:6:setRtc_custom	88	static
../application/source/user_interface/uiUtilities.c:4239:5:sunriset	96	static
../application/source/user_interface/uiUtilities.c:4300:6:daytimeThemeChangeUpdate	8	static
../application/source/user_interface/uiUtilities.c:3851:6:uiSetUTCDateTimeInSecs	0	static
../application/source/user_interface/uiUtilities.c:4311:6:daytimeThemeApply	48	static
../application/source/user_interface/uiUtilities.c:4340:6:daytimeThemeTick	136	static
../application/source/user_interface/uiUtilities.c:4389:6:uiChannelModeOrVFOModeThemeDaytimeChange	16	static
../application/source/user_interface/uiUtilities.c:4436:10:cpuGetSignature	0	static
../application/source/user_interface/uiUtilities.c:4441:10:cpuGetRevision	0	static
../application/source/user_interface/uiUtilities.c:4446:10:cpuGetPackage	0	static
../application/source/user_interface/uiUtilities.c:4451:9:cpuGetFlashSize	0	static
