../application/source/user_interface/uiVFOMode.c:3721:13:clearNuisance	8	static
../application/source/user_interface/uiVFOMode.c:3219:13:setCurrentFreqToScanLimits	16	static
../application/source/user_interface/uiVFOMode.c:2061:13:vfoSweepDrawSample	32	static
../application/source/user_interface/uiVFOMode.c:2092:13:vfoSweepUpdateSamples	224	static
../application/source/user_interface/uiVFOMode.c:847:13:checkAndFixIndexInRxGroup	0	static
../application/source/user_interface/uiVFOMode.c:875:13:toggleAnalogBandwidth	8	static
../application/source/user_interface/uiVFOMode.c:2260:13:stepFrequency	24	static
../application/source/user_interface/uiVFOMode.c:2168:13:setSweepIncDecSetting	16	static
../application/source/user_interface/uiVFOMode.c:3189:13:updateTrxID	16	static
../application/source/user_interface/uiVFOMode.c:2470:13:updateQuickMenuScreen	120	static
../application/source/user_interface/uiVFOMode.c:3361:13:scanInit	24	static
../application/source/user_interface/uiVFOMode.c:2371:13:validateNewChannel	136	static
../application/source/user_interface/uiVFOMode.c:712:13:updateFrequency.constprop	24	static
../application/source/user_interface/uiVFOMode.c:663:6:uiVFOModeIsTXFocused	0	static
../application/source/user_interface/uiVFOMode.c:856:6:uiVFOLoadContact	0	static
../application/source/user_interface/uiVFOMode.c:753:6:uiVFOModeLoadChannelData	32	static
../application/source/user_interface/uiVFOMode.c:3122:6:uiVFOModeIsScanning	0	static
../application/source/user_interface/uiVFOMode.c:3127:6:uiVFOModeDualWatchIsScanning	8	static
../application/source/user_interface/uiVFOMode.c:3133:6:uiVFOModeSweepScanning	8	static
../application/source/user_interface/uiVFOMode.c:405:6:uiVFOModeUpdateScreen	96	static
../application/source/user_interface/uiVFOMode.c:668:6:uiVFOModeStopScanning	16	static
../application/source/user_interface/uiVFOMode.c:2325:14:uiVFOModeQuickMenu	56	static
../application/source/user_interface/uiVFOMode.c:1985:13:handleUpKey.isra	24	static
../application/source/user_interface/uiVFOMode.c:119:14:uiVFOMode	56	static
../application/source/user_interface/uiVFOMode.c:3141:6:uiVFOModeFrequencyScanningIsActiveAndEnabled	16	static
../application/source/user_interface/uiVFOMode.c:3233:6:uiVFOSweepScanModePause	24	static
