../application/source/interfaces/batteryAndPowerManagement.c:74:6:powerRotarySwitchIsOn	0	static
../application/source/interfaces/batteryAndPowerManagement.c:80:6:showLowBattery	0	static
../application/source/interfaces/batteryAndPowerManagement.c:85:6:batteryIsLowWarning	0	static
../application/source/interfaces/batteryAndPowerManagement.c:90:6:batteryIsLowVoltageWarning	8	static
../application/source/interfaces/batteryAndPowerManagement.c:95:6:batteryIsLowCriticalVoltage	8	static
../application/source/interfaces/batteryAndPowerManagement.c:100:6:batteryLastReadingIsCritical	16	static
../application/source/interfaces/batteryAndPowerManagement.c:252:6:batteryUpdate	16	static
../application/source/interfaces/batteryAndPowerManagement.c:277:6:powerDown	8	static
../application/source/interfaces/batteryAndPowerManagement.c:668:6:wakeFromSleep	8	static
../application/source/interfaces/batteryAndPowerManagement.c:332:6:die	40	static,ignoring_inline_asm
../application/source/interfaces/batteryAndPowerManagement.c:739:6:powerOffFinalStage	16	static
../application/source/interfaces/batteryAndPowerManagement.c:112:6:batteryChecking	24	static
../application/source/interfaces/batteryAndPowerManagement.c:804:6:apoTick	24	static
