../application/source/interfaces/gps.c:582:13:jumpToNextField	8	static
../application/source/interfaces/gps.c:614:12:getNmeaInt	0	static
../application/source/interfaces/gps.c:1073:13:gpsLogByte	8	static
../application/source/interfaces/gps.c:232:17:gpsLatLongConvert	24	static
../application/source/interfaces/gps.c:334:6:gpsProcessChar	12	static
../application/source/interfaces/gps.c:1085:13:gpsLogNMEAData	16	static
../application/source/interfaces/gps.c:538:6:gpsPower.part.0	0	static
../application/source/interfaces/gps.c:297:13:getParam.constprop	32	static
../application/source/interfaces/gps.c:160:6:gpsInit	8	static
../application/source/interfaces/gps.c:354:6:gpsDataInputStartStop	8	static
../application/source/interfaces/gps.c:395:6:gpsOn	8	static
../application/source/interfaces/gps.c:438:6:HAL_UART_RxHalfCpltCallback	16	static
../application/source/interfaces/gps.c:464:6:gpsOnUsingQuickKey	32	static
../application/source/interfaces/gps.c:490:6:HAL_UART_RxCpltCallback	16	static
../application/source/interfaces/gps.c:538:6:gpsPower	0	static
../application/source/interfaces/gps.c:416:6:gpsOff	8	static
../application/source/interfaces/gps.c:734:6:gpsTick	320	static
../application/source/interfaces/gps.c:1096:6:gpsLoggingStart	8	static
../application/source/interfaces/gps.c:1127:6:gpsLoggingStop	8	static
../application/source/interfaces/gps.c:1146:6:gpsLoggingClear	16	static
