../application/source/applicationMain.c:199:13:rxBeepsCarrierEndCallback	0	static
../application/source/applicationMain.c:192:13:rxBeepsMustPlayMelody	8	static
../application/source/applicationMain.c:204:13:rxBeepsHandler	16	static
../application/source/applicationMain.c:286:13:settingsUpdateAudioAlert	8	static
../application/source/applicationMain.c:274:13:validateUpdateCallback	8	static
../application/source/applicationMain.c:300:13:updateVolumeGain	24	static
../application/source/applicationMain.c:315:6:applicationMainTask	120	static
