../Core/Src/stm32f4xx_it.c:87:6:NMI_Handler	0	static
../Core/Src/stm32f4xx_it.c:100:6:HardFault_Handler	0	static
../Core/Src/stm32f4xx_it.c:115:6:MemManage_Handler	0	static
../Core/Src/stm32f4xx_it.c:130:6:BusFault_Handler	0	static
../Core/Src/stm32f4xx_it.c:145:6:UsageFault_Handler	0	static
../Core/Src/stm32f4xx_it.c:160:6:DebugMon_Handler	0	static
../Core/Src/stm32f4xx_it.c:180:6:EXTI0_IRQHandler	0	static
../Core/Src/stm32f4xx_it.c:194:6:EXTI1_IRQHandler	0	static
../Core/Src/stm32f4xx_it.c:208:6:EXTI2_IRQHandler	0	static
../Core/Src/stm32f4xx_it.c:222:6:DMA1_Stream0_IRQHandler	0	static
../Core/Src/stm32f4xx_it.c:236:6:DMA1_Stream5_IRQHandler	0	static
../Core/Src/stm32f4xx_it.c:250:6:USART1_IRQHandler	0	static
../Core/Src/stm32f4xx_it.c:264:6:EXTI15_10_IRQHandler	0	static
../Core/Src/stm32f4xx_it.c:278:6:TIM8_TRG_COM_TIM14_IRQHandler	0	static
../Core/Src/stm32f4xx_it.c:292:6:TIM6_DAC_IRQHandler	8	static
../Core/Src/stm32f4xx_it.c:307:6:DMA2_Stream1_IRQHandler	0	static
../Core/Src/stm32f4xx_it.c:321:6:DMA2_Stream2_IRQHandler	0	static
../Core/Src/stm32f4xx_it.c:335:6:DMA2_Stream4_IRQHandler	0	static
../Core/Src/stm32f4xx_it.c:349:6:OTG_FS_IRQHandler	0	static
../Core/Src/stm32f4xx_it.c:363:6:HAL_GPIO_EXTI_Callback	8	static
../Core/Src/stm32f4xx_it.c:393:6:HAL_IncTick	0	static
