../Middlewares/ST/STM32_USB_Device_Library/Core/Src/usbd_core.c:92:20:USBD_Init	0	static
../Middlewares/ST/STM32_USB_Device_Library/Core/Src/usbd_core.c:149:20:USBD_DeInit	8	static
../Middlewares/ST/STM32_USB_Device_Library/Core/Src/usbd_core.c:202:20:USBD_RegisterClass	16	static
../Middlewares/ST/STM32_USB_Device_Library/Core/Src/usbd_core.c:383:20:USBD_Start	0	static
../Middlewares/ST/STM32_USB_Device_Library/Core/Src/usbd_core.c:399:20:USBD_Stop	8	static
../Middlewares/ST/STM32_USB_Device_Library/Core/Src/usbd_core.c:439:20:USBD_RunTestMode	0	static
../Middlewares/ST/STM32_USB_Device_Library/Core/Src/usbd_core.c:464:20:USBD_SetClassConfig	0	static
../Middlewares/ST/STM32_USB_Device_Library/Core/Src/usbd_core.c:504:20:USBD_ClrClassConfig	8	static
../Middlewares/ST/STM32_USB_Device_Library/Core/Src/usbd_core.c:544:20:USBD_LL_SetupStage	16	static
../Middlewares/ST/STM32_USB_Device_Library/Core/Src/usbd_core.c:584:20:USBD_LL_DataOutStage	16	static
../Middlewares/ST/STM32_USB_Device_Library/Core/Src/usbd_core.c:678:20:USBD_LL_DataInStage	24	static
../Middlewares/ST/STM32_USB_Device_Library/Core/Src/usbd_core.c:769:20:USBD_LL_Reset	24	static
../Middlewares/ST/STM32_USB_Device_Library/Core/Src/usbd_core.c:837:20:USBD_LL_SetSpeed	0	static
../Middlewares/ST/STM32_USB_Device_Library/Core/Src/usbd_core.c:852:20:USBD_LL_Suspend	0	static
../Middlewares/ST/STM32_USB_Device_Library/Core/Src/usbd_core.c:871:20:USBD_LL_Resume	0	static
../Middlewares/ST/STM32_USB_Device_Library/Core/Src/usbd_core.c:888:20:USBD_LL_SOF	8	static
../Middlewares/ST/STM32_USB_Device_Library/Core/Src/usbd_core.c:930:20:USBD_LL_IsoINIncomplete	8	static
../Middlewares/ST/STM32_USB_Device_Library/Core/Src/usbd_core.c:955:20:USBD_LL_IsoOUTIncomplete	8	static
../Middlewares/ST/STM32_USB_Device_Library/Core/Src/usbd_core.c:980:20:USBD_LL_DevConnected	0	static
../Middlewares/ST/STM32_USB_Device_Library/Core/Src/usbd_core.c:994:20:USBD_LL_DevDisconnected	8	static
../Middlewares/ST/STM32_USB_Device_Library/Core/Src/usbd_core.c:1039:9:USBD_CoreFindIF	0	static
../Middlewares/ST/STM32_USB_Device_Library/Core/Src/usbd_core.c:1079:9:USBD_CoreFindEP	0	static
../Middlewares/ST/STM32_USB_Device_Library/Core/Src/usbd_core.c:1150:7:USBD_GetEpDesc	8	static
../Middlewares/ST/STM32_USB_Device_Library/Core/Src/usbd_core.c:1191:25:USBD_GetNextDesc	0	static
