../SeggerRTT/RTT/SEGGER_RTT.c:307:13:_DoInit	0	static,ignoring_inline_asm
../SeggerRTT/RTT/SEGGER_RTT.c:518:17:_GetAvailWriteSpace	0	static
../SeggerRTT/RTT/SEGGER_RTT.c:428:13:_WriteNoCheck	32	static,ignoring_inline_asm
../SeggerRTT/RTT/SEGGER_RTT.c:366:17:_WriteBlocking	32	static,ignoring_inline_asm
../SeggerRTT/RTT/SEGGER_RTT.c:496:13:_PostTerminalSwitch.constprop	16	static
../SeggerRTT/RTT/SEGGER_RTT.c:565:10:SEGGER_RTT_ReadUpBufferNoLock	40	static
../SeggerRTT/RTT/SEGGER_RTT.c:657:10:SEGGER_RTT_ReadNoLock	40	static
../SeggerRTT/RTT/SEGGER_RTT.c:754:10:SEGGER_RTT_ReadUpBuffer	8	static,ignoring_inline_asm
../SeggerRTT/RTT/SEGGER_RTT.c:786:10:SEGGER_RTT_Read	8	static,ignoring_inline_asm
../SeggerRTT/RTT/SEGGER_RTT.c:825:6:SEGGER_RTT_WriteWithOverwriteNoLock	48	static,ignoring_inline_asm
../SeggerRTT/RTT/SEGGER_RTT.c:1016:10:SEGGER_RTT_WriteDownBufferNoLock	16	static
../SeggerRTT/RTT/SEGGER_RTT.c:1091:10:SEGGER_RTT_WriteNoLock	16	static
../SeggerRTT/RTT/SEGGER_RTT.c:1167:10:SEGGER_RTT_WriteDownBuffer	24	static,ignoring_inline_asm
../SeggerRTT/RTT/SEGGER_RTT.c:1196:10:SEGGER_RTT_Write	24	static,ignoring_inline_asm
../SeggerRTT/RTT/SEGGER_RTT.c:1226:10:SEGGER_RTT_WriteString	16	static
../SeggerRTT/RTT/SEGGER_RTT.c:1256:10:SEGGER_RTT_PutCharSkipNoLock	20	static,ignoring_inline_asm
../SeggerRTT/RTT/SEGGER_RTT.c:1306:10:SEGGER_RTT_PutCharSkip	24	static,ignoring_inline_asm
../SeggerRTT/RTT/SEGGER_RTT.c:1365:10:SEGGER_RTT_PutChar	24	static,ignoring_inline_asm
../SeggerRTT/RTT/SEGGER_RTT.c:1428:5:SEGGER_RTT_GetKey	16	static
../SeggerRTT/RTT/SEGGER_RTT.c:1456:5:SEGGER_RTT_WaitKey	8	static
../SeggerRTT/RTT/SEGGER_RTT.c:1479:5:SEGGER_RTT_HasKey	8	static
../SeggerRTT/RTT/SEGGER_RTT.c:1507:10:SEGGER_RTT_HasData	0	static
../SeggerRTT/RTT/SEGGER_RTT.c:1528:10:SEGGER_RTT_HasDataUp	0	static
../SeggerRTT/RTT/SEGGER_RTT.c:1556:5:SEGGER_RTT_AllocDownBuffer	24	static,ignoring_inline_asm
../SeggerRTT/RTT/SEGGER_RTT.c:1604:5:SEGGER_RTT_AllocUpBuffer	24	static,ignoring_inline_asm
../SeggerRTT/RTT/SEGGER_RTT.c:1658:5:SEGGER_RTT_ConfigUpBuffer	24	static,ignoring_inline_asm
../SeggerRTT/RTT/SEGGER_RTT.c:1709:5:SEGGER_RTT_ConfigDownBuffer	32	static,ignoring_inline_asm
../SeggerRTT/RTT/SEGGER_RTT.c:1752:5:SEGGER_RTT_SetNameUpBuffer	16	static,ignoring_inline_asm
../SeggerRTT/RTT/SEGGER_RTT.c:1787:5:SEGGER_RTT_SetNameDownBuffer	16	static,ignoring_inline_asm
../SeggerRTT/RTT/SEGGER_RTT.c:1822:5:SEGGER_RTT_SetFlagsUpBuffer	16	static,ignoring_inline_asm
../SeggerRTT/RTT/SEGGER_RTT.c:1857:5:SEGGER_RTT_SetFlagsDownBuffer	16	static,ignoring_inline_asm
../SeggerRTT/RTT/SEGGER_RTT.c:1885:6:SEGGER_RTT_Init	0	static
../SeggerRTT/RTT/SEGGER_RTT.c:1906:5:SEGGER_RTT_SetTerminal	24	static,ignoring_inline_asm
../SeggerRTT/RTT/SEGGER_RTT.c:1955:5:SEGGER_RTT_TerminalOut	32	static,ignoring_inline_asm
../SeggerRTT/RTT/SEGGER_RTT.c:2043:10:SEGGER_RTT_GetAvailWriteSpace	0	static
../SeggerRTT/RTT/SEGGER_RTT.c:2064:10:SEGGER_RTT_GetBytesInBuffer	0	static
